[vajira-api.vercel.app/index.html]
[backblue.gif]
[fade.gif]
[index.html]
[cdn.jsdelivr.net/npm/boxicons@latest/css/boxicons.min.css]
[external.html]
[raw.githubusercontent.com/DarkYasiyaMr/DARKYASIYA-BOT-IMFOMATION/main/yasiya.jpg]
[ferdiz-afk.github.io/Nice/assets/vendor/bootstrap/css/bootstrap.min.css]
[ferdiz-afk.github.io/Nice/assets/vendor/bootstrap-icons/bootstrap-icons.css]
[ferdiz-afk.github.io/Nice/assets/vendor/quill/quill.snow.css]
[ferdiz-afk.github.io/Nice/assets/vendor/quill/quill.bubble.css]
[ferdiz-afk.github.io/Nice/assets/vendor/remixicon/remixicon.css]
[ferdiz-afk.github.io/Nice/assets/vendor/simple-datatables/style.css]
[ferdiz-afk.github.io/Nice/assets/css/style.css]
[dropways.github.io/deskapp/vendors/styles/core.css]
[dropways.github.io/deskapp/src/plugins/cropperjs/dist/cropper.css]
[dropways.github.io/deskapp/vendors/styles/icon-font.min.css]
[dropways.github.io/deskapp/vendors/styles/style.css]
[vajira-api.vercel.app/img/vajira.jpg]
[vajira-api.vercel.app/changelog.html]
[vajira-api.vercel.app/movie.html]
[vajira-api.vercel.app/news.html]
[ferdiz-afk.github.io/Nice/assets/vendor/apexcharts/apexcharts.min.js]
[ferdiz-afk.github.io/Nice/assets/vendor/bootstrap/js/bootstrap.bundle.min.js]
[ferdiz-afk.github.io/Nice/assets/vendor/chart.js/chart.umd.js]
[ferdiz-afk.github.io/Nice/assets/vendor/quill/quill.min.js]
[ferdiz-afk.github.io/Nice/assets/vendor/echarts/echarts.min.js]
[ferdiz-afk.github.io/Nice/assets/vendor/simple-datatables/simple-datatables.js]
[ferdiz-afk.github.io/Nice/assets/vendor/tinymce/tinymce.min.js]
[ferdiz-afk.github.io/Nice/assets/vendor/php-email-form/validate.js]
[ferdiz-afk.github.io/Nice/assets/js/main.js]
[cdnjs.buymeacoffee.com/1.0.0/widget.prod.min.js]
[code.jquery.com/jquery-3.6.4.min.js]
[dropways.github.io/deskapp/vendors/scripts/script.min.js]
[dropways.github.io/deskapp/vendors/scripts/process.js]
[dropways.github.io/deskapp/vendors/scripts/layout-settings.js]
[dropways.github.io/deskapp/vendors/scripts/core.js]
[dropways.github.io/deskapp/src/plugins/cropperjs/dist/cropper.js]
[dropways.github.io/deskapp/src/plugins/apexcharts/apexcharts.min.js]
[dropways.github.io/deskapp/src/plugins/datatables/js/dataTables.bootstrap4.min.js]
[dropways.github.io/deskapp/src/plugins/datatables/js/jquery.dataTables.min.js]
[dropways.github.io/deskapp/src/plugins/datatables/js/dataTables.responsive.min.js]
[dropways.github.io/deskapp/src/plugins/datatables/js/responsive.bootstrap4.min.js]
[vajira-api.vercel.app/index.html]
[cdn.jsdelivr.net/npm/boxicons@latest/css/boxicons.min.css]
[ferdiz-afk.github.io/Nice/assets/vendor/bootstrap/css/bootstrap.min.css]
[ferdiz-afk.github.io/Nice/assets/vendor/bootstrap-icons/fonts/bootstrap-iconsbf04.woff2]
[ferdiz-afk.github.io/Nice/assets/vendor/bootstrap-icons/bootstrap-icons.css]
[ferdiz-afk.github.io/Nice/assets/vendor/quill/quill.snow.css]
[ferdiz-afk.github.io/Nice/assets/vendor/quill/quill.bubble.css]
[ferdiz-afk.github.io/Nice/assets/vendor/bootstrap-icons/fonts/bootstrap-iconsbf04.woff]
[ferdiz-afk.github.io/Nice/assets/vendor/remixicon/remixicondf6d.eot]
[ferdiz-afk.github.io/Nice/assets/vendor/remixicon/remixicondf6d.woff2]
[ferdiz-afk.github.io/Nice/assets/vendor/remixicon/remixicondf6d.woff]
[ferdiz-afk.github.io/Nice/assets/vendor/remixicon/remixicondf6d.ttf]
[ferdiz-afk.github.io/Nice/assets/vendor/remixicon/remixicon.css]
[ferdiz-afk.github.io/Nice/assets/vendor/simple-datatables/style.css]
[ferdiz-afk.github.io/Nice/assets/css/style.css]
[ferdiz-afk.github.io/Nice/assets/vendor/remixicon/remixicondf6d.svg]
[dropways.github.io/deskapp/vendors/styles/mCSB_buttons.png]
[dropways.github.io/deskapp/vendors/styles/core.css]
[dropways.github.io/deskapp/vendors/styles/icon-font.min.css]
[dropways.github.io/deskapp/src/plugins/cropperjs/dist/cropper.css]
[dropways.github.io/deskapp/vendors/images/wave.png]
[dropways.github.io/deskapp/vendors/images/check-mark-green.png]
[dropways.github.io/deskapp/vendors/images/caution-sign.png]
[dropways.github.io/deskapp/vendors/images/cross.png]
[dropways.github.io/deskapp/vendors/images/check-mark.png]
[dropways.github.io/deskapp/vendors/styles/style.css]
[vajira-api.vercel.app/changelog.html]
[pro.fontawesome.com/releases/v6.0.0-beta1/css/all.css]
[vajira-api.vercel.app/movie/sinhalasub/search50e9.json]
[vajira-api.vercel.app/movie/sinhalasub/moviec451.json]
[vajira-api.vercel.app/movie/sinhalasub/tvshowaf9b.json]
[vajira-api.vercel.app/movie/sinhalasub/episode7636.json]
[vajira-api.vercel.app/movie/pirate/search9b7e.json]
[vajira-api.vercel.app/movie/pirate/movie50ae.json]
[vajira-api.vercel.app/movie/firemovie/search50e9.json]
[vajira-api.vercel.app/movie/firemovie/moviee99d.json]
[vajira-api.vercel.app/movie/firemovie/tvshow9162.json]
[vajira-api.vercel.app/movie/firemovie/episode5b24.json]
[vajira-api.vercel.app/movie.html]
[vajira-api.vercel.app/news/derana.json]
[vajira-api.vercel.app/news/sirasa.json]
[vajira-api.vercel.app/news/hiru.json]
[vajira-api.vercel.app/news/bbc.json]
[vajira-api.vercel.app/news/lankadeepa.json]
[vajira-api.vercel.app/news.html]
[vajira-api.vercel.app/socket.io/socket.io.html]
[vajira-api.vercel.app/cdn-cgi/challenge-platform/scripts/invisible.html]
[vajira-api.vercel.app/news/itn.json]
[vajira-api.vercel.app/news/siyatha.json]
[ferdiz-afk.github.io/Nice/assets/vendor/remixicon/remixicondf6d.svg]
[dropways.github.io/deskapp/vendors/styles/mCSB_buttons.html]
[pro.fontawesome.com/releases/v6.0.0-beta1/css/all.css]
[vajira-api.vercel.app/img/yasiyaytt.html]
[vajira-api.vercel.app/movie/cinesubz/movie5a75.html]
